
=== Processing baseline_01_hover ===
ATT : /home/tchowdh4/sensor_recovery_project/phase2c_matlab_section31_si/raw_csv/baseline_01_hover_ATT.csv
XKF1: /home/tchowdh4/sensor_recovery_project/phase2c_matlab_section31_si/raw_csv/baseline_01_hover_XKF1.csv
Saved: /home/tchowdh4/sensor_recovery_project/phase2c_matlab_section31_si/merged_csv/baseline_01_hover_merged_ATT_XKF1_C0.csv
Rows after merge: 1253
Duration sec: 125.200
Median dt sec: 0.1000
Approx Hz: 10.00

=== Processing baseline_02_high_altitude_hover ===
ATT : /home/tchowdh4/sensor_recovery_project/phase2c_matlab_section31_si/raw_csv/baseline_02_high_altitude_hover_ATT.csv
XKF1: /home/tchowdh4/sensor_recovery_project/phase2c_matlab_section31_si/raw_csv/baseline_02_high_altitude_hover_XKF1.csv
Saved: /home/tchowdh4/sensor_recovery_project/phase2c_matlab_section31_si/merged_csv/baseline_02_high_altitude_hover_merged_ATT_XKF1_C0.csv
Rows after merge: 1411
Duration sec: 140.999
Median dt sec: 0.1000
Approx Hz: 10.00

=== Processing baseline_03_forward_motion ===
ATT : /home/tchowdh4/sensor_recovery_project/phase2c_matlab_section31_si/raw_csv/baseline_03_forward_motion_ATT.csv
XKF1: /home/tchowdh4/sensor_recovery_project/phase2c_matlab_section31_si/raw_csv/baseline_03_forward_motion_XKF1.csv
Saved: /home/tchowdh4/sensor_recovery_project/phase2c_matlab_section31_si/merged_csv/baseline_03_forward_motion_merged_ATT_XKF1_C0.csv
Rows after merge: 1138
Duration sec: 113.700
Median dt sec: 0.1000
Approx Hz: 10.00

=== Processing baseline_04_yaw_rotation ===
ATT : /home/tchowdh4/sensor_recovery_project/phase2c_matlab_section31_si/raw_csv/baseline_04_yaw_rotation_ATT.csv
XKF1: /home/tchowdh4/sensor_recovery_project/phase2c_matlab_section31_si/raw_csv/baseline_04_yaw_rotation_XKF1.csv
Saved: /home/tchowdh4/sensor_recovery_project/phase2c_matlab_section31_si/merged_csv/baseline_04_yaw_rotation_merged_ATT_XKF1_C0.csv
Rows after merge: 1848
Duration sec: 184.700
Median dt sec: 0.1000
Approx Hz: 10.00

=== Processing baseline_05_mixed_maneuver ===
ATT : /home/tchowdh4/sensor_recovery_project/phase2c_matlab_section31_si/raw_csv/baseline_05_mixed_maneuver_ATT.csv
XKF1: /home/tchowdh4/sensor_recovery_project/phase2c_matlab_section31_si/raw_csv/baseline_05_mixed_maneuver_XKF1.csv
Saved: /home/tchowdh4/sensor_recovery_project/phase2c_matlab_section31_si/merged_csv/baseline_05_mixed_maneuver_merged_ATT_XKF1_C0.csv
Rows after merge: 2388
Duration sec: 238.699
Median dt sec: 0.1000
Approx Hz: 10.00

=== Phase 2C-1 merge complete ===
Summary report saved to: /home/tchowdh4/sensor_recovery_project/phase2c_matlab_section31_si/reports/phase2c_01_merge_summary.csv

Summary:
                       maneuver  att_rows  xkf1_rows_total  xkf1_rows_C0  merged_rows_before_drop  merged_rows_after_drop  dropped_rows_after_merge  duration_sec  median_dt_sec  approx_sample_rate_hz                                                                                                                          output_file
              baseline_01_hover      1253             1253          1253                     1253                    1253                         0    125.199900        0.09996              10.004002               /home/tchowdh4/sensor_recovery_project/phase2c_matlab_section31_si/merged_csv/baseline_01_hover_merged_ATT_XKF1_C0.csv
baseline_02_high_altitude_hover      1411             1411          1411                     1411                    1411                         0    140.999411        0.09996              10.004002 /home/tchowdh4/sensor_recovery_project/phase2c_matlab_section31_si/merged_csv/baseline_02_high_altitude_hover_merged_ATT_XKF1_C0.csv
     baseline_03_forward_motion      1138             1138          1138                     1138                    1138                         0    113.700335        0.09996              10.004002      /home/tchowdh4/sensor_recovery_project/phase2c_matlab_section31_si/merged_csv/baseline_03_forward_motion_merged_ATT_XKF1_C0.csv
       baseline_04_yaw_rotation      1848             1848          1848                     1848                    1848                         0    184.700257        0.09996              10.004002        /home/tchowdh4/sensor_recovery_project/phase2c_matlab_section31_si/merged_csv/baseline_04_yaw_rotation_merged_ATT_XKF1_C0.csv
     baseline_05_mixed_maneuver      2388             2388          2388                     2388                    2388                         0    238.699482        0.09996              10.004002      /home/tchowdh4/sensor_recovery_project/phase2c_matlab_section31_si/merged_csv/baseline_05_mixed_maneuver_merged_ATT_XKF1_C0.csv
